I'm sorry, but errors were detected in your script. Please correct the
errors listed below, and try again.


File "game/story/phase1.rpy", line 984: end of line expected.
    FRai supposed "EEEEE?!" vpunch
                            ^

Ren'Py Version: Ren'Py 7.4.11.2266
Fri Sep 16 17:38:28 2022
